// Jest Snapshot v1, https://goo.gl/fbAQLP

exports[`renders correctly 1`] = `
Array [
  <div
    className="MuiDialogTitle-root"
  >
    <h6
      className="MuiTypography-root MuiTypography-h6"
    >
      To fetch the 'Redeem' action, please fill these fields.
    </h6>
  </div>,
  <form
    onSubmit={[Function]}
  >
    <div
      className="MuiDialogContent-root"
    >
      <div
        className="MuiFormControl-root MuiTextField-root makeStyles-textField-34"
        data-cy="action-text-field"
      >
        <label
          className="MuiFormLabel-root Mui-required Mui-required MuiInputLabel-root MuiInputLabel-formControl MuiInputLabel-animated"
          data-shrink={false}
        >
          Beta ledger redeem identity
          <span
            className="MuiFormLabel-asterisk MuiInputLabel-asterisk"
          >
             
            *
          </span>
        </label>
        <div
          className="MuiInputBase-root MuiInput-root MuiInput-underline MuiInputBase-formControl MuiInput-formControl"
          onClick={[Function]}
        >
          <input
            aria-invalid={false}
            className="MuiInputBase-input MuiInput-input"
            disabled={false}
            onBlur={[Function]}
            onChange={[Function]}
            onFocus={[Function]}
            required={true}
            type="text"
            value=""
          />
        </div>
      </div>
      <div
        className="MuiFormControl-root MuiTextField-root makeStyles-textField-34"
        data-cy="action-text-field"
      >
        <label
          className="MuiFormLabel-root Mui-required Mui-required MuiInputLabel-root MuiInputLabel-formControl MuiInputLabel-animated"
          data-shrink={false}
        >
          Fee per byte
          <span
            className="MuiFormLabel-asterisk MuiInputLabel-asterisk"
          >
             
            *
          </span>
        </label>
        <div
          className="MuiInputBase-root MuiInput-root MuiInput-underline MuiInputBase-formControl MuiInput-formControl"
          onClick={[Function]}
        >
          <input
            aria-invalid={false}
            className="MuiInputBase-input MuiInput-input"
            disabled={false}
            onBlur={[Function]}
            onChange={[Function]}
            onFocus={[Function]}
            required={true}
            type="number"
            value=""
          />
        </div>
      </div>
    </div>
    <div
      className="MuiDialogActions-root MuiDialogActions-spacing"
    >
      <button
        className="MuiButtonBase-root MuiButton-root MuiButton-containedPrimary MuiButton-contained"
        data-cy="redeem-button"
        disabled={false}
        onBlur={[Function]}
        onFocus={[Function]}
        onKeyDown={[Function]}
        onKeyUp={[Function]}
        onMouseDown={[Function]}
        onMouseLeave={[Function]}
        onMouseUp={[Function]}
        onTouchEnd={[Function]}
        onTouchMove={[Function]}
        onTouchStart={[Function]}
        tabIndex={0}
        type="submit"
      >
        <span
          className="MuiButton-label"
        >
          Fetch Redeem
        </span>
      </button>
      <button
        className="MuiButtonBase-root MuiButton-root MuiButton-containedSecondary MuiButton-contained"
        data-cy="close-button"
        disabled={false}
        onBlur={[Function]}
        onClick={[Function]}
        onFocus={[Function]}
        onKeyDown={[Function]}
        onKeyUp={[Function]}
        onMouseDown={[Function]}
        onMouseLeave={[Function]}
        onMouseUp={[Function]}
        onTouchEnd={[Function]}
        onTouchMove={[Function]}
        onTouchStart={[Function]}
        tabIndex={0}
        type="button"
      >
        <span
          className="MuiButton-label"
        >
          Close
        </span>
      </button>
    </div>
  </form>,
]
`;
